// Jest Snapshot v1, https://goo.gl/fbAQLP

exports[`should render cartItem component 1`] = `ShallowWrapper {}`;
